# Tests that an empty Graph is created

# Create a graph
created graph Graph

# Print the empty list of nodes in the graph
Graph contains: