# Create a graph
created graph Graph

# Adds two nodes to the graph
added node n1 to Graph
added node n2 to Graph

# List the children of n2 in the graph
the children of n2 in Graph are: