# Create a graph
created graph Graph

# Add a node
added node n1 to Graph

# Add an edge from node to same node
added edge e1 from n1 to n1 in Graph

# Print nodes in the graph and children of n1
Graph contains: n1
the children of n1 in Graph are: n1(e1)