# Create a graph
created graph Graph

# Adds two nodes and an edge
added node n1 to Graph
added node n2 to Graph
added edge e1_n1n2 from n1 to n2 in Graph

# List the children of n2 in the graph
the children of n2 in Graph are: