# Test shorter path between two nodes

created graph Graph

added node A to Graph
added node B to Graph

added edge 10.000 from A to B in Graph
added edge 1.000 from A to B in Graph

path from A to B:
A to B with weight 1.000
total cost: 1.000